
Memory Configuration

Name             Origin             Length             Attributes
vexriscv_debug   0x00000000f00f0000 0x0000000000000100
dff              0x0000000000000000 0x0000000000000400
dff2             0x0000000000000400 0x0000000000000200
flash            0x0000000010000000 0x0000000001000000
mprj             0x0000000030000000 0x0000000000100000
mprjram          0x0000000038000000 0x0000000000000100
mprjram_bank2    0x0000000038000300 0x0000000000000600
hk               0x0000000026000000 0x0000000000100000
csr              0x00000000f0000000 0x0000000000010000
*default*        0x0000000000000000 0xffffffffffffffff

Linker script and memory map

                0x0000000000000000                __DYNAMIC = 0x0

.text           0x0000000010000000      0x230
                0x0000000010000000                _ftext = .
 *crt0*(.text)
 .text          0x0000000010000000      0x158 all.elf-crt0_vex.o
                0x0000000010000000                _start
                0x0000000010000020                trap_entry
 *crt0*(.text)
 *(.text.isr)
                0x0000000010000158                _etext = .
 .text          0x0000000010000158       0x60 all.elf-isr.o
                0x0000000010000158                isr
 .text          0x00000000100001b8        0x0 all.elf-uart.o
 .text          0x00000000100001b8        0x0 all.elf-qsort.o
 .text          0x00000000100001b8       0x78 all.elf-all.o
                0x00000000100001b8                putchar
                0x00000000100001fc                print

.mprj           0x0000000010000230       0xe8
 .mprj          0x0000000010000230       0xe8 all.elf-uart.o
                0x0000000010000230                uart_write
                0x0000000010000248                uart_write_char
                0x000000001000028c                uart_write_string
                0x00000000100002c0                uart_read_char
                0x00000000100002f0                uart_read

.text.startup   0x0000000010000318      0x458
 .text.startup  0x0000000010000318      0x458 all.elf-all.o
                0x0000000010000318                main

.rela.dyn       0x0000000010000770        0x0
 .rela.text     0x0000000010000770        0x0 all.elf-crt0_vex.o

.rodata         0x0000000010000770        0x0
                0x0000000010000770                . = ALIGN (0x8)
 *fill*         0x0000000010000770        0x0 
                0x0000000010000770                _frodata = .
 *(.rodata .rodata.* .gnu.linkonce.r.*)
 *(.rodata1)
                0x0000000010000770                . = ALIGN (0x8)
                0x0000000010000770                _erodata = .

.data           0x0000000038000300       0x30 load address 0x0000000010000770
                0x0000000038000300                . = ALIGN (0x8)
                0x0000000038000300                _fdata = .
 *(.data .data.* .gnu.linkonce.d.*)
 .data          0x0000000038000300        0x0 all.elf-crt0_vex.o
 .data          0x0000000038000300        0x0 all.elf-isr.o
 .data          0x0000000038000300        0x0 all.elf-uart.o
 .data          0x0000000038000300       0x28 all.elf-qsort.o
                0x0000000038000300                Q
 .data          0x0000000038000328        0x0 all.elf-all.o
 *(.data1)
                0x0000000038000330                _gp = ALIGN (0x10)
 *(.sdata .sdata.* .gnu.linkonce.s.*)
 .sdata         0x0000000038000328        0x4 all.elf-isr.o
                0x0000000038000328                counter
                0x0000000038000330                . = ALIGN (0x8)
 *fill*         0x000000003800032c        0x4 
                0x0000000038000330                _edata = .

.bss            0x0000000038000330        0x0 load address 0x00000000100007a0
                0x0000000038000330                . = ALIGN (0x8)
                0x0000000038000330                _fbss = .
 *(.dynsbss)
 *(.sbss .sbss.* .gnu.linkonce.sb.*)
 *(.scommon)
 *(.dynbss)
 *(.bss .bss.* .gnu.linkonce.b.*)
 .bss           0x0000000038000330        0x0 all.elf-crt0_vex.o
 .bss           0x0000000038000330        0x0 all.elf-isr.o
 .bss           0x0000000038000330        0x0 all.elf-uart.o
 .bss           0x0000000038000330        0x0 all.elf-qsort.o
 .bss           0x0000000038000330        0x0 all.elf-all.o
 *(COMMON)
                0x0000000038000330                . = ALIGN (0x8)
                0x0000000038000330                _ebss = .
                0x0000000038000330                _end = .

.mprjram        0x0000000038000000       0xf8 load address 0x00000000100007a0
                0x0000000038000000                . = ALIGN (0x8)
                0x0000000038000000                _fsram = .
 *libgcc.a:*(.text .text.*)
 .mprjram       0x0000000038000000       0xf8 all.elf-qsort.o
                0x0000000038000000                partition
                0x0000000038000074                sort
                0x00000000380000d0                qsort
                0x0000000000000600                PROVIDE (_fstack = (ORIGIN (dff2) + LENGTH (dff2)))
                0x0000000010000770                PROVIDE (_fdata_rom = LOADADDR (.data))
                [!provide]                        PROVIDE (_edata_rom = (LOADADDR (.data) + SIZEOF (.data)))
                0x00000000380000f8                PROVIDE (_esram = (ORIGIN (mprjram) + SIZEOF (.mprjram)))
                0x00000000100007a0                PROVIDE (_esram_rom = LOADADDR (.mprjram))
LOAD all.elf-crt0_vex.o
LOAD all.elf-isr.o
LOAD all.elf-uart.o
LOAD all.elf-qsort.o
LOAD all.elf-all.o
LOAD /opt/riscv/lib/gcc/riscv32-unknown-elf/12.1.0/libgcc.a
START GROUP
LOAD /opt/riscv/lib/gcc/riscv32-unknown-elf/12.1.0/../../../../riscv32-unknown-elf/lib/libc.a
LOAD /opt/riscv/lib/gcc/riscv32-unknown-elf/12.1.0/../../../../riscv32-unknown-elf/lib/libgloss.a
END GROUP
LOAD /opt/riscv/lib/gcc/riscv32-unknown-elf/12.1.0/libgcc.a
OUTPUT(all.elf elf32-littleriscv)

.riscv.attributes
                0x0000000000000000       0x20
 .riscv.attributes
                0x0000000000000000       0x1e all.elf-crt0_vex.o
 .riscv.attributes
                0x000000000000001e       0x20 all.elf-isr.o
 .riscv.attributes
                0x000000000000003e       0x1c all.elf-uart.o
 .riscv.attributes
                0x000000000000005a       0x1c all.elf-qsort.o
 .riscv.attributes
                0x0000000000000076       0x20 all.elf-all.o

.comment        0x0000000000000000       0x1b
 .comment       0x0000000000000000       0x1b all.elf-isr.o
                                         0x1c (size before relaxing)
 .comment       0x000000000000001b       0x1c all.elf-uart.o
 .comment       0x000000000000001b       0x1c all.elf-qsort.o
 .comment       0x000000000000001b       0x1c all.elf-all.o

.debug_line     0x0000000000000000     0x15c1
 .debug_line    0x0000000000000000      0x20a all.elf-crt0_vex.o
 .debug_line    0x000000000000020a      0x157 all.elf-isr.o
 .debug_line    0x0000000000000361      0x2dc all.elf-uart.o
 .debug_line    0x000000000000063d      0x200 all.elf-qsort.o
 .debug_line    0x000000000000083d      0xd84 all.elf-all.o

.debug_line_str
                0x0000000000000000       0xee
 .debug_line_str
                0x0000000000000000       0x47 all.elf-crt0_vex.o
 .debug_line_str
                0x0000000000000047       0x83 all.elf-isr.o
                                         0xf8 (size before relaxing)
 .debug_line_str
                0x00000000000000ca        0x7 all.elf-uart.o
                                         0xb2 (size before relaxing)
 .debug_line_str
                0x00000000000000d1       0x10 all.elf-qsort.o
                                         0x7a (size before relaxing)
 .debug_line_str
                0x00000000000000e1        0xd all.elf-all.o
                                         0xf0 (size before relaxing)

.debug_info     0x0000000000000000      0x706
 .debug_info    0x0000000000000000       0x25 all.elf-crt0_vex.o
 .debug_info    0x0000000000000025      0x1d3 all.elf-isr.o
 .debug_info    0x00000000000001f8      0x180 all.elf-uart.o
 .debug_info    0x0000000000000378      0x170 all.elf-qsort.o
 .debug_info    0x00000000000004e8      0x21e all.elf-all.o

.debug_abbrev   0x0000000000000000      0x55f
 .debug_abbrev  0x0000000000000000       0x14 all.elf-crt0_vex.o
 .debug_abbrev  0x0000000000000014      0x176 all.elf-isr.o
 .debug_abbrev  0x000000000000018a      0x107 all.elf-uart.o
 .debug_abbrev  0x0000000000000291      0x126 all.elf-qsort.o
 .debug_abbrev  0x00000000000003b7      0x1a8 all.elf-all.o

.debug_aranges  0x0000000000000000       0xd8
 .debug_aranges
                0x0000000000000000       0x20 all.elf-crt0_vex.o
 .debug_aranges
                0x0000000000000020       0x20 all.elf-isr.o
 .debug_aranges
                0x0000000000000040       0x40 all.elf-uart.o
 .debug_aranges
                0x0000000000000080       0x30 all.elf-qsort.o
 .debug_aranges
                0x00000000000000b0       0x28 all.elf-all.o

.debug_str      0x0000000000000000      0x1f4
 .debug_str     0x0000000000000000       0x53 all.elf-crt0_vex.o
 .debug_str     0x0000000000000053      0x11b all.elf-isr.o
                                        0x15c (size before relaxing)
 .debug_str     0x000000000000016e       0x31 all.elf-uart.o
                                        0x133 (size before relaxing)
 .debug_str     0x000000000000019f       0x1b all.elf-qsort.o
                                         0x88 (size before relaxing)
 .debug_str     0x00000000000001ba       0x3a all.elf-all.o
                                        0x14f (size before relaxing)

.debug_loclists
                0x0000000000000000      0x255
 .debug_loclists
                0x0000000000000000       0x52 all.elf-isr.o
 .debug_loclists
                0x0000000000000052       0x7a all.elf-uart.o
 .debug_loclists
                0x00000000000000cc       0xed all.elf-qsort.o
 .debug_loclists
                0x00000000000001b9       0x9c all.elf-all.o

.debug_rnglists
                0x0000000000000000       0xa9
 .debug_rnglists
                0x0000000000000000       0x28 all.elf-isr.o
 .debug_rnglists
                0x0000000000000028       0x3a all.elf-uart.o
 .debug_rnglists
                0x0000000000000062       0x28 all.elf-qsort.o
 .debug_rnglists
                0x000000000000008a       0x1f all.elf-all.o

.debug_frame    0x0000000000000000      0x1a4
 .debug_frame   0x0000000000000000       0x30 all.elf-isr.o
 .debug_frame   0x0000000000000030       0x84 all.elf-uart.o
 .debug_frame   0x00000000000000b4       0x64 all.elf-qsort.o
 .debug_frame   0x0000000000000118       0x8c all.elf-all.o
